2025-12-05 22:53:41,961 INFO o.a.j.u.JMeterUtils: Setting Locale to en_EN
2025-12-05 22:53:42,002 INFO o.a.j.JMeter: Loading user properties from: /opt/jmeter/bin/user.properties
2025-12-05 22:53:42,003 INFO o.a.j.JMeter: Loading system properties from: /opt/jmeter/bin/system.properties
2025-12-05 22:53:42,015 INFO o.a.j.JMeter: Copyright (c) 1998-2024 The Apache Software Foundation
2025-12-05 22:53:42,015 INFO o.a.j.JMeter: Version 5.6.3
2025-12-05 22:53:42,015 INFO o.a.j.JMeter: java.version=17.0.17
2025-12-05 22:53:42,015 INFO o.a.j.JMeter: java.vm.name=OpenJDK 64-Bit Server VM
2025-12-05 22:53:42,016 INFO o.a.j.JMeter: os.name=Linux
2025-12-05 22:53:42,016 INFO o.a.j.JMeter: os.arch=amd64
2025-12-05 22:53:42,016 INFO o.a.j.JMeter: os.version=6.6.87.2-microsoft-standard-WSL2
2025-12-05 22:53:42,016 INFO o.a.j.JMeter: file.encoding=UTF-8
2025-12-05 22:53:42,016 INFO o.a.j.JMeter: java.awt.headless=null
2025-12-05 22:53:42,016 INFO o.a.j.JMeter: Max memory     =1073741824
2025-12-05 22:53:42,016 INFO o.a.j.JMeter: Available Processors =8
2025-12-05 22:53:42,035 INFO o.a.j.JMeter: Default Locale=English (EN)
2025-12-05 22:53:42,036 INFO o.a.j.JMeter: JMeter  Locale=English (EN)
2025-12-05 22:53:42,036 INFO o.a.j.JMeter: JMeterHome=/opt/jmeter
2025-12-05 22:53:42,036 INFO o.a.j.JMeter: user.dir  =/home/iqbal/jmeter/apache-jmeter-5.6.3
2025-12-05 22:53:42,036 INFO o.a.j.JMeter: PWD       =/home/iqbal/jmeter/apache-jmeter-5.6.3
2025-12-05 22:53:42,036 INFO o.a.j.JMeter: IP: 127.0.1.1 Name: DESKTOP-CABJ0GP FullName: DESKTOP-CABJ0GP.localdomain
2025-12-05 22:53:42,093 INFO o.a.j.JMeter: Loaded icon properties from org/apache/jmeter/images/icon.properties
2025-12-05 22:53:42,036 INFO o.a.j.JMeterGuiLauncher: Setting LAF to: com.github.weisj.darklaf.DarkLaf:com.github.weisj.darklaf.theme.DarculaTheme
2025-12-05 22:55:21,530 INFO o.a.j.s.FileServer: Default base='/home/iqbal/jmeter/apache-jmeter-5.6.3'
2025-12-05 22:55:21,535 INFO o.a.j.g.a.Load: Loading file: /home/iqbal/jmeter/apache-jmeter-5.6.3/bin/microservices-robust_2.jmx
2025-12-05 22:55:21,535 INFO o.a.j.s.FileServer: Set new base='/home/iqbal/jmeter/apache-jmeter-5.6.3/bin'
2025-12-05 22:55:21,901 INFO o.a.j.s.SaveService: Testplan (JMX) version: 2.2. Testlog (JTL) version: 2.2
2025-12-05 22:55:21,908 INFO o.a.j.s.SaveService: Using SaveService properties version 5.0
2025-12-05 22:55:21,910 INFO o.a.j.s.SaveService: Using SaveService properties file encoding UTF-8
2025-12-05 22:55:21,911 INFO o.a.j.s.SaveService: Loading file: /home/iqbal/jmeter/apache-jmeter-5.6.3/bin/microservices-robust_2.jmx
2025-12-05 22:55:21,934 INFO o.a.j.p.h.c.CookieManager: Settings: Delete null: true Check: true Allow variable: true Save: false Prefix: COOKIE_
2025-12-05 22:55:21,941 INFO o.a.j.p.h.s.HTTPSamplerBase: Parser for text/html is org.apache.jmeter.protocol.http.parser.LagartoBasedHtmlParser
2025-12-05 22:55:21,942 INFO o.a.j.p.h.s.HTTPSamplerBase: Parser for application/xhtml+xml is org.apache.jmeter.protocol.http.parser.LagartoBasedHtmlParser
2025-12-05 22:55:21,942 INFO o.a.j.p.h.s.HTTPSamplerBase: Parser for application/xml is org.apache.jmeter.protocol.http.parser.LagartoBasedHtmlParser
2025-12-05 22:55:21,942 INFO o.a.j.p.h.s.HTTPSamplerBase: Parser for text/xml is org.apache.jmeter.protocol.http.parser.LagartoBasedHtmlParser
2025-12-05 22:55:21,942 INFO o.a.j.p.h.s.HTTPSamplerBase: Parser for text/vnd.wap.wml is org.apache.jmeter.protocol.http.parser.RegexpHTMLParser
2025-12-05 22:55:21,942 INFO o.a.j.p.h.s.HTTPSamplerBase: Parser for text/css is org.apache.jmeter.protocol.http.parser.CssParser
2025-12-05 22:55:22,523 INFO o.a.j.s.SampleResult: Note: Sample TimeStamps are START times
2025-12-05 22:55:22,523 INFO o.a.j.s.SampleResult: sampleresult.default.encoding is set to UTF-8
2025-12-05 22:55:22,523 INFO o.a.j.s.SampleResult: sampleresult.useNanoTime=true
2025-12-05 22:55:22,523 INFO o.a.j.s.SampleResult: sampleresult.nanoThreadSleep=5000
2025-12-05 22:55:22,716 INFO o.a.j.s.FileServer: Set new base='/home/iqbal/jmeter/apache-jmeter-5.6.3/bin'
2025-12-05 22:55:41,515 WARN o.a.j.r.ResultCollector: /home/iqbal/jmeter/apache-jmeter-5.6.3/bin/results/run_10_python_postgresql.jtl is empty
2025-12-05 22:55:52,394 INFO o.a.j.e.StandardJMeterEngine: Running the test!
2025-12-05 22:55:52,395 INFO o.a.j.s.SampleEvent: List of sample_variables: []
2025-12-05 22:55:52,396 INFO o.a.j.s.SampleEvent: List of sample_variables: []
2025-12-05 22:55:52,398 INFO o.a.j.e.u.CompoundVariable: Note: Function class names must contain the string: '.functions.'
2025-12-05 22:55:52,398 INFO o.a.j.e.u.CompoundVariable: Note: Function class names must not contain the string: '.gui.'
2025-12-05 22:55:52,441 INFO o.a.j.g.u.JMeterMenuBar: setRunning(true, *local*)
2025-12-05 22:55:52,479 INFO o.a.j.e.StandardJMeterEngine: Starting ThreadGroup: 1 : Users
2025-12-05 22:55:52,479 INFO o.a.j.e.StandardJMeterEngine: Starting 10 threads for group Users.
2025-12-05 22:55:52,479 INFO o.a.j.e.StandardJMeterEngine: Thread will continue on error
2025-12-05 22:55:52,479 INFO o.a.j.t.ThreadGroup: Starting thread group... number=1 threads=10 ramp-up=10 delayedStart=false
2025-12-05 22:55:52,482 INFO o.a.j.t.JMeterThread: Thread started: Users 1-1
2025-12-05 22:55:52,489 INFO o.a.j.t.ThreadGroup: Started thread group number 1
2025-12-05 22:55:52,489 INFO o.a.j.e.StandardJMeterEngine: All thread groups have been started
2025-12-05 22:55:53,482 INFO o.a.j.t.JMeterThread: Thread started: Users 1-2
2025-12-05 22:55:53,656 INFO o.a.j.p.h.s.HTTPHCAbstractImpl: Local host = DESKTOP-CABJ0GP
2025-12-05 22:55:53,665 INFO o.a.j.p.h.s.HTTPHC4Impl: HTTP request retry count = 0
2025-12-05 22:55:53,798 INFO o.a.j.p.h.s.h.LazyLayeredConnectionSocketFactory: Setting up HTTPS TrustAll Socket Factory
2025-12-05 22:55:53,802 INFO o.a.j.u.JsseSSLManager: Using default SSL protocol: TLS
2025-12-05 22:55:53,803 INFO o.a.j.u.JsseSSLManager: SSL session context: per-thread
2025-12-05 22:55:54,059 INFO o.a.j.u.SSLManager: JmeterKeyStore Location:  type JKS
2025-12-05 22:55:54,064 INFO o.a.j.u.SSLManager: KeyStore created OK
2025-12-05 22:55:54,064 WARN o.a.j.u.SSLManager: Keystore file not found, loading empty keystore
2025-12-05 22:55:54,481 INFO o.a.j.t.JMeterThread: Thread started: Users 1-3
2025-12-05 22:55:55,482 INFO o.a.j.t.JMeterThread: Thread started: Users 1-4
2025-12-05 22:55:56,482 INFO o.a.j.t.JMeterThread: Thread started: Users 1-5
2025-12-05 22:55:57,481 INFO o.a.j.t.JMeterThread: Thread started: Users 1-6
2025-12-05 22:55:58,480 INFO o.a.j.t.JMeterThread: Thread started: Users 1-7
2025-12-05 22:55:59,482 INFO o.a.j.t.JMeterThread: Thread started: Users 1-8
2025-12-05 22:56:00,482 INFO o.a.j.t.JMeterThread: Thread started: Users 1-9
2025-12-05 22:56:01,481 INFO o.a.j.t.JMeterThread: Thread started: Users 1-10
2025-12-05 22:56:51,556 INFO o.a.j.t.JMeterThread: Thread finished: Users 1-8
2025-12-05 22:56:52,500 INFO o.a.j.t.JMeterThread: Stopping because end time detected by thread: Users 1-7
2025-12-05 22:56:52,500 INFO o.a.j.t.JMeterThread: Thread finished: Users 1-7
2025-12-05 22:56:52,558 INFO o.a.j.t.JMeterThread: Stopping because end time detected by thread: Users 1-5
2025-12-05 22:56:52,558 INFO o.a.j.t.JMeterThread: Thread finished: Users 1-5
2025-12-05 22:56:52,242 INFO o.a.j.t.JMeterThread: Thread finished: Users 1-3
2025-12-05 22:56:52,831 INFO o.a.j.t.JMeterThread: Stopping because end time detected by thread: Users 1-1
2025-12-05 22:56:52,831 INFO o.a.j.t.JMeterThread: Thread finished: Users 1-1
2025-12-05 22:56:52,832 INFO o.a.j.t.JMeterThread: Stopping because end time detected by thread: Users 1-2
2025-12-05 22:56:52,832 INFO o.a.j.t.JMeterThread: Thread finished: Users 1-2
2025-12-05 22:56:52,833 INFO o.a.j.t.JMeterThread: Stopping because end time detected by thread: Users 1-4
2025-12-05 22:56:52,833 INFO o.a.j.t.JMeterThread: Thread finished: Users 1-4
2025-12-05 22:56:52,910 INFO o.a.j.t.JMeterThread: Stopping because end time detected by thread: Users 1-9
2025-12-05 22:56:52,910 INFO o.a.j.t.JMeterThread: Thread finished: Users 1-9
2025-12-05 22:56:52,981 INFO o.a.j.t.JMeterThread: Stopping because end time detected by thread: Users 1-10
2025-12-05 22:56:52,981 INFO o.a.j.t.JMeterThread: Thread finished: Users 1-10
2025-12-05 22:56:53,027 INFO o.a.j.t.JMeterThread: Stopping because end time detected by thread: Users 1-6
2025-12-05 22:56:53,027 INFO o.a.j.t.JMeterThread: Thread finished: Users 1-6
2025-12-05 22:56:53,028 INFO o.a.j.e.StandardJMeterEngine: Notifying test listeners of end of test
2025-12-05 22:56:53,030 INFO o.a.j.g.u.JMeterMenuBar: setRunning(false, *local*)
2025-12-05 22:57:13,683 WARN o.a.j.r.ResultCollector: /home/iqbal/jmeter/apache-jmeter-5.6.3/bin/results/run_20_python_postgresql.jtl is empty
2025-12-05 22:57:23,596 INFO o.a.j.e.StandardJMeterEngine: Running the test!
2025-12-05 22:57:23,596 INFO o.a.j.s.SampleEvent: List of sample_variables: []
2025-12-05 22:57:23,598 INFO o.a.j.g.u.JMeterMenuBar: setRunning(true, *local*)
2025-12-05 22:57:23,677 INFO o.a.j.e.StandardJMeterEngine: Starting ThreadGroup: 1 : Users
2025-12-05 22:57:23,678 INFO o.a.j.e.StandardJMeterEngine: Starting 20 threads for group Users.
2025-12-05 22:57:23,678 INFO o.a.j.e.StandardJMeterEngine: Thread will continue on error
2025-12-05 22:57:23,678 INFO o.a.j.t.ThreadGroup: Starting thread group... number=1 threads=20 ramp-up=10 delayedStart=false
2025-12-05 22:57:23,679 INFO o.a.j.t.JMeterThread: Thread started: Users 1-1
2025-12-05 22:57:23,689 INFO o.a.j.t.ThreadGroup: Started thread group number 1
2025-12-05 22:57:23,689 INFO o.a.j.e.StandardJMeterEngine: All thread groups have been started
2025-12-05 22:57:24,180 INFO o.a.j.t.JMeterThread: Thread started: Users 1-2
2025-12-05 22:57:24,681 INFO o.a.j.t.JMeterThread: Thread started: Users 1-3
2025-12-05 22:57:25,180 INFO o.a.j.t.JMeterThread: Thread started: Users 1-4
2025-12-05 22:57:25,680 INFO o.a.j.t.JMeterThread: Thread started: Users 1-5
2025-12-05 22:57:26,180 INFO o.a.j.t.JMeterThread: Thread started: Users 1-6
2025-12-05 22:57:26,685 INFO o.a.j.t.JMeterThread: Thread started: Users 1-7
2025-12-05 22:57:27,180 INFO o.a.j.t.JMeterThread: Thread started: Users 1-8
2025-12-05 22:57:27,680 INFO o.a.j.t.JMeterThread: Thread started: Users 1-9
2025-12-05 22:57:28,180 INFO o.a.j.t.JMeterThread: Thread started: Users 1-10
2025-12-05 22:57:28,680 INFO o.a.j.t.JMeterThread: Thread started: Users 1-11
2025-12-05 22:57:29,180 INFO o.a.j.t.JMeterThread: Thread started: Users 1-12
2025-12-05 22:57:29,681 INFO o.a.j.t.JMeterThread: Thread started: Users 1-13
2025-12-05 22:57:30,180 INFO o.a.j.t.JMeterThread: Thread started: Users 1-14
2025-12-05 22:57:30,681 INFO o.a.j.t.JMeterThread: Thread started: Users 1-15
2025-12-05 22:57:31,180 INFO o.a.j.t.JMeterThread: Thread started: Users 1-16
2025-12-05 22:57:31,682 INFO o.a.j.t.JMeterThread: Thread started: Users 1-17
2025-12-05 22:57:32,181 INFO o.a.j.t.JMeterThread: Thread started: Users 1-18
2025-12-05 22:57:32,691 INFO o.a.j.t.JMeterThread: Thread started: Users 1-19
2025-12-05 22:57:33,180 INFO o.a.j.t.JMeterThread: Thread started: Users 1-20
2025-12-05 22:58:22,697 INFO o.a.j.t.JMeterThread: Thread finished: Users 1-18
2025-12-05 22:58:22,755 INFO o.a.j.t.JMeterThread: Thread finished: Users 1-3
2025-12-05 22:58:23,445 INFO o.a.j.t.JMeterThread: Thread finished: Users 1-10
2025-12-05 22:58:23,445 INFO o.a.j.t.JMeterThread: Thread finished: Users 1-2
2025-12-05 22:58:23,447 INFO o.a.j.t.JMeterThread: Thread finished: Users 1-13
2025-12-05 22:58:23,556 INFO o.a.j.t.JMeterThread: Thread finished: Users 1-9
2025-12-05 22:58:23,571 INFO o.a.j.t.JMeterThread: Thread finished: Users 1-15
2025-12-05 22:58:23,576 INFO o.a.j.t.JMeterThread: Thread finished: Users 1-7
2025-12-05 22:58:23,576 INFO o.a.j.t.JMeterThread: Thread finished: Users 1-20
2025-12-05 22:58:23,577 INFO o.a.j.t.JMeterThread: Thread finished: Users 1-16
2025-12-05 22:58:23,600 INFO o.a.j.t.JMeterThread: Thread finished: Users 1-5
2025-12-05 22:58:23,621 INFO o.a.j.t.JMeterThread: Thread finished: Users 1-1
2025-12-05 22:58:23,651 INFO o.a.j.t.JMeterThread: Thread finished: Users 1-12
2025-12-05 22:58:23,652 INFO o.a.j.t.JMeterThread: Thread finished: Users 1-11
2025-12-05 22:58:23,654 INFO o.a.j.t.JMeterThread: Thread finished: Users 1-14
2025-12-05 22:58:23,661 INFO o.a.j.t.JMeterThread: Thread finished: Users 1-17
2025-12-05 22:58:23,677 INFO o.a.j.t.JMeterThread: Thread finished: Users 1-8
2025-12-05 22:58:23,696 INFO o.a.j.t.JMeterThread: Stopping because end time detected by thread: Users 1-19
2025-12-05 22:58:23,696 INFO o.a.j.t.JMeterThread: Thread finished: Users 1-19
2025-12-05 22:58:23,697 INFO o.a.j.t.JMeterThread: Stopping because end time detected by thread: Users 1-4
2025-12-05 22:58:23,697 INFO o.a.j.t.JMeterThread: Thread finished: Users 1-4
2025-12-05 22:58:23,862 INFO o.a.j.t.JMeterThread: Stopping because end time detected by thread: Users 1-6
2025-12-05 22:58:23,862 INFO o.a.j.t.JMeterThread: Thread finished: Users 1-6
2025-12-05 22:58:23,862 INFO o.a.j.e.StandardJMeterEngine: Notifying test listeners of end of test
2025-12-05 22:58:23,862 INFO o.a.j.g.u.JMeterMenuBar: setRunning(false, *local*)
2025-12-05 22:58:44,211 INFO o.a.j.e.StandardJMeterEngine: Running the test!
2025-12-05 22:58:44,211 INFO o.a.j.s.SampleEvent: List of sample_variables: []
2025-12-05 22:58:44,213 INFO o.a.j.g.u.JMeterMenuBar: setRunning(true, *local*)
2025-12-05 22:58:44,273 INFO o.a.j.e.StandardJMeterEngine: Starting ThreadGroup: 1 : Users
2025-12-05 22:58:44,274 INFO o.a.j.e.StandardJMeterEngine: Starting 50 threads for group Users.
2025-12-05 22:58:44,274 INFO o.a.j.e.StandardJMeterEngine: Thread will continue on error
2025-12-05 22:58:44,274 INFO o.a.j.t.ThreadGroup: Starting thread group... number=1 threads=50 ramp-up=10 delayedStart=false
2025-12-05 22:58:44,277 INFO o.a.j.t.JMeterThread: Thread started: Users 1-1
2025-12-05 22:58:44,299 INFO o.a.j.t.ThreadGroup: Started thread group number 1
2025-12-05 22:58:44,299 INFO o.a.j.e.StandardJMeterEngine: All thread groups have been started
2025-12-05 22:58:44,477 INFO o.a.j.t.JMeterThread: Thread started: Users 1-2
2025-12-05 22:58:44,677 INFO o.a.j.t.JMeterThread: Thread started: Users 1-3
2025-12-05 22:58:44,877 INFO o.a.j.t.JMeterThread: Thread started: Users 1-4
2025-12-05 22:58:45,075 INFO o.a.j.t.JMeterThread: Thread started: Users 1-5
2025-12-05 22:58:45,276 INFO o.a.j.t.JMeterThread: Thread started: Users 1-6
2025-12-05 22:58:45,478 INFO o.a.j.t.JMeterThread: Thread started: Users 1-7
2025-12-05 22:58:45,675 INFO o.a.j.t.JMeterThread: Thread started: Users 1-8
2025-12-05 22:58:45,877 INFO o.a.j.t.JMeterThread: Thread started: Users 1-9
2025-12-05 22:58:46,077 INFO o.a.j.t.JMeterThread: Thread started: Users 1-10
2025-12-05 22:58:46,277 INFO o.a.j.t.JMeterThread: Thread started: Users 1-11
2025-12-05 22:58:46,479 INFO o.a.j.t.JMeterThread: Thread started: Users 1-12
2025-12-05 22:58:46,675 INFO o.a.j.t.JMeterThread: Thread started: Users 1-13
2025-12-05 22:58:46,877 INFO o.a.j.t.JMeterThread: Thread started: Users 1-14
2025-12-05 22:58:47,077 INFO o.a.j.t.JMeterThread: Thread started: Users 1-15
2025-12-05 22:58:47,275 INFO o.a.j.t.JMeterThread: Thread started: Users 1-16
2025-12-05 22:58:47,476 INFO o.a.j.t.JMeterThread: Thread started: Users 1-17
2025-12-05 22:58:47,676 INFO o.a.j.t.JMeterThread: Thread started: Users 1-18
2025-12-05 22:58:47,877 INFO o.a.j.t.JMeterThread: Thread started: Users 1-19
2025-12-05 22:58:48,077 INFO o.a.j.t.JMeterThread: Thread started: Users 1-20
2025-12-05 22:58:48,277 INFO o.a.j.t.JMeterThread: Thread started: Users 1-21
2025-12-05 22:58:48,477 INFO o.a.j.t.JMeterThread: Thread started: Users 1-22
2025-12-05 22:58:48,677 INFO o.a.j.t.JMeterThread: Thread started: Users 1-23
2025-12-05 22:58:48,874 INFO o.a.j.t.JMeterThread: Thread started: Users 1-24
2025-12-05 22:58:49,078 INFO o.a.j.t.JMeterThread: Thread started: Users 1-25
2025-12-05 22:58:49,276 INFO o.a.j.t.JMeterThread: Thread started: Users 1-26
2025-12-05 22:58:49,477 INFO o.a.j.t.JMeterThread: Thread started: Users 1-27
2025-12-05 22:58:49,678 INFO o.a.j.t.JMeterThread: Thread started: Users 1-28
2025-12-05 22:58:49,876 INFO o.a.j.t.JMeterThread: Thread started: Users 1-29
2025-12-05 22:58:50,076 INFO o.a.j.t.JMeterThread: Thread started: Users 1-30
2025-12-05 22:58:50,275 INFO o.a.j.t.JMeterThread: Thread started: Users 1-31
2025-12-05 22:58:50,476 INFO o.a.j.t.JMeterThread: Thread started: Users 1-32
2025-12-05 22:58:50,675 INFO o.a.j.t.JMeterThread: Thread started: Users 1-33
2025-12-05 22:58:50,877 INFO o.a.j.t.JMeterThread: Thread started: Users 1-34
2025-12-05 22:58:51,077 INFO o.a.j.t.JMeterThread: Thread started: Users 1-35
2025-12-05 22:58:51,277 INFO o.a.j.t.JMeterThread: Thread started: Users 1-36
2025-12-05 22:58:51,480 INFO o.a.j.t.JMeterThread: Thread started: Users 1-37
2025-12-05 22:58:51,677 INFO o.a.j.t.JMeterThread: Thread started: Users 1-38
2025-12-05 22:58:51,876 INFO o.a.j.t.JMeterThread: Thread started: Users 1-39
2025-12-05 22:58:52,076 INFO o.a.j.t.JMeterThread: Thread started: Users 1-40
2025-12-05 22:58:52,275 INFO o.a.j.t.JMeterThread: Thread started: Users 1-41
2025-12-05 22:58:52,479 INFO o.a.j.t.JMeterThread: Thread started: Users 1-42
2025-12-05 22:58:52,676 INFO o.a.j.t.JMeterThread: Thread started: Users 1-43
2025-12-05 22:58:52,877 INFO o.a.j.t.JMeterThread: Thread started: Users 1-44
2025-12-05 22:58:53,076 INFO o.a.j.t.JMeterThread: Thread started: Users 1-45
2025-12-05 22:58:53,276 INFO o.a.j.t.JMeterThread: Thread started: Users 1-46
2025-12-05 22:58:53,479 INFO o.a.j.t.JMeterThread: Thread started: Users 1-47
2025-12-05 22:58:53,674 INFO o.a.j.t.JMeterThread: Thread started: Users 1-48
2025-12-05 22:58:53,876 INFO o.a.j.t.JMeterThread: Thread started: Users 1-49
2025-12-05 22:58:54,075 INFO o.a.j.t.JMeterThread: Thread started: Users 1-50
2025-12-05 22:58:54,843 WARN o.a.j.e.J.Extract Token (robust): Extract Token: response not JSON and regex failed. responseCode=Non HTTP response code: java.net.SocketTimeoutException
2025-12-05 22:58:54,954 WARN o.a.j.e.J.Extract Token (robust): Extract Token: response not JSON and regex failed. responseCode=Non HTTP response code: java.net.SocketTimeoutException
2025-12-05 22:58:55,089 WARN o.a.j.e.J.Extract Token (robust): Extract Token: response not JSON and regex failed. responseCode=Non HTTP response code: java.net.SocketTimeoutException
2025-12-05 22:58:55,689 WARN o.a.j.e.J.Extract Token (robust): Extract Token: response not JSON and regex failed. responseCode=Non HTTP response code: java.net.SocketTimeoutException
2025-12-05 22:58:55,767 WARN o.a.j.e.J.Extract Token (robust): Extract Token: response not JSON and regex failed. responseCode=Non HTTP response code: java.net.SocketTimeoutException
2025-12-05 22:58:56,766 WARN o.a.j.e.J.Extract Token (robust): Extract Token: response not JSON and regex failed. responseCode=Non HTTP response code: java.net.SocketTimeoutException
2025-12-05 22:58:56,906 WARN o.a.j.e.J.Extract Token (robust): Extract Token: response not JSON and regex failed. responseCode=Non HTTP response code: java.net.SocketTimeoutException
2025-12-05 22:58:57,063 WARN o.a.j.e.J.Extract Token (robust): Extract Token: response not JSON and regex failed. responseCode=Non HTTP response code: java.net.SocketTimeoutException
2025-12-05 22:58:57,230 WARN o.a.j.e.J.Extract Token (robust): Extract Token: response not JSON and regex failed. responseCode=Non HTTP response code: java.net.SocketTimeoutException
2025-12-05 22:58:57,877 WARN o.a.j.e.J.Extract Token (robust): Extract Token: response not JSON and regex failed. responseCode=Non HTTP response code: java.net.SocketTimeoutException
2025-12-05 22:58:58,000 WARN o.a.j.e.J.Extract Token (robust): Extract Token: response not JSON and regex failed. responseCode=Non HTTP response code: java.net.SocketTimeoutException
2025-12-05 22:58:58,256 WARN o.a.j.e.J.Extract Token (robust): Extract Token: response not JSON and regex failed. responseCode=Non HTTP response code: java.net.SocketTimeoutException
2025-12-05 22:58:58,270 WARN o.a.j.e.J.Extract Token (robust): Extract Token: response not JSON and regex failed. responseCode=Non HTTP response code: java.net.SocketTimeoutException
2025-12-05 22:58:59,234 WARN o.a.j.e.J.Extract Token (robust): Extract Token: response not JSON and regex failed. responseCode=Non HTTP response code: java.net.SocketTimeoutException
2025-12-05 22:58:59,289 WARN o.a.j.e.J.Extract Token (robust): Extract Token: response not JSON and regex failed. responseCode=Non HTTP response code: java.net.SocketTimeoutException
2025-12-05 22:58:58,874 WARN o.a.j.e.J.Extract Token (robust): Extract Token: response not JSON and regex failed. responseCode=Non HTTP response code: java.net.SocketTimeoutException
2025-12-05 22:58:59,129 WARN o.a.j.e.J.Extract Token (robust): Extract Token: response not JSON and regex failed. responseCode=Non HTTP response code: java.net.SocketTimeoutException
2025-12-05 22:58:59,250 WARN o.a.j.e.J.Extract Token (robust): Extract Token: response not JSON and regex failed. responseCode=Non HTTP response code: java.net.SocketTimeoutException
2025-12-05 22:58:59,803 WARN o.a.j.e.J.Extract Token (robust): Extract Token: response not JSON and regex failed. responseCode=Non HTTP response code: java.net.SocketTimeoutException
2025-12-05 22:59:00,065 WARN o.a.j.e.J.Extract Token (robust): Extract Token: response not JSON and regex failed. responseCode=Non HTTP response code: java.net.SocketTimeoutException
2025-12-05 22:59:00,261 WARN o.a.j.e.J.Extract Token (robust): Extract Token: response not JSON and regex failed. responseCode=Non HTTP response code: java.net.SocketTimeoutException
2025-12-05 22:59:00,781 WARN o.a.j.e.J.Extract Token (robust): Extract Token: response not JSON and regex failed. responseCode=Non HTTP response code: java.net.SocketTimeoutException
2025-12-05 22:59:01,837 WARN o.a.j.e.J.Extract Token (robust): Extract Token: response not JSON and regex failed. responseCode=Non HTTP response code: java.net.SocketTimeoutException
2025-12-05 22:59:11,703 WARN o.a.j.e.J.Extract Token (robust): Extract Token: response not JSON and regex failed. responseCode=Non HTTP response code: java.net.SocketTimeoutException
2025-12-05 22:59:12,358 WARN o.a.j.e.J.Extract Token (robust): Extract Token: response not JSON and regex failed. responseCode=Non HTTP response code: java.net.SocketTimeoutException
2025-12-05 22:59:12,814 WARN o.a.j.e.J.Extract Token (robust): Extract Token: response not JSON and regex failed. responseCode=Non HTTP response code: java.net.SocketTimeoutException
2025-12-05 22:59:13,014 WARN o.a.j.e.J.Extract Token (robust): Extract Token: response not JSON and regex failed. responseCode=Non HTTP response code: java.net.SocketTimeoutException
2025-12-05 22:59:13,062 WARN o.a.j.e.J.Extract Token (robust): Extract Token: response not JSON and regex failed. responseCode=Non HTTP response code: java.net.SocketTimeoutException
2025-12-05 22:59:13,440 WARN o.a.j.e.J.Extract Token (robust): Extract Token: response not JSON and regex failed. responseCode=Non HTTP response code: java.net.SocketTimeoutException
2025-12-05 22:59:13,674 WARN o.a.j.e.J.Extract Token (robust): Extract Token: response not JSON and regex failed. responseCode=Non HTTP response code: java.net.SocketTimeoutException
2025-12-05 22:59:14,851 WARN o.a.j.e.J.Extract Token (robust): Extract Token: response not JSON and regex failed. responseCode=Non HTTP response code: java.net.SocketTimeoutException
2025-12-05 22:59:15,389 WARN o.a.j.e.J.Extract Token (robust): Extract Token: response not JSON and regex failed. responseCode=Non HTTP response code: java.net.SocketTimeoutException
2025-12-05 22:59:15,422 WARN o.a.j.e.J.Extract Token (robust): Extract Token: response not JSON and regex failed. responseCode=Non HTTP response code: java.net.SocketTimeoutException
2025-12-05 22:59:15,580 WARN o.a.j.e.J.Extract Token (robust): Extract Token: response not JSON and regex failed. responseCode=Non HTTP response code: java.net.SocketTimeoutException
2025-12-05 22:59:16,050 WARN o.a.j.e.J.Extract Token (robust): Extract Token: response not JSON and regex failed. responseCode=Non HTTP response code: java.net.SocketTimeoutException
2025-12-05 22:59:16,080 WARN o.a.j.e.J.Extract Token (robust): Extract Token: response not JSON and regex failed. responseCode=Non HTTP response code: java.net.SocketTimeoutException
2025-12-05 22:59:16,606 WARN o.a.j.e.J.Extract Token (robust): Extract Token: response not JSON and regex failed. responseCode=Non HTTP response code: java.net.SocketTimeoutException
2025-12-05 22:59:16,968 WARN o.a.j.e.J.Extract Token (robust): Extract Token: response not JSON and regex failed. responseCode=Non HTTP response code: java.net.SocketTimeoutException
2025-12-05 22:59:17,078 WARN o.a.j.e.J.Extract Token (robust): Extract Token: response not JSON and regex failed. responseCode=Non HTTP response code: java.net.SocketTimeoutException
2025-12-05 22:59:17,099 WARN o.a.j.e.J.Extract Token (robust): Extract Token: response not JSON and regex failed. responseCode=Non HTTP response code: java.net.SocketTimeoutException
2025-12-05 22:59:17,105 WARN o.a.j.e.J.Extract Token (robust): Extract Token: response not JSON and regex failed. responseCode=Non HTTP response code: java.net.SocketTimeoutException
2025-12-05 22:59:17,169 WARN o.a.j.e.J.Extract Token (robust): Extract Token: response not JSON and regex failed. responseCode=Non HTTP response code: java.net.SocketTimeoutException
2025-12-05 22:59:17,190 WARN o.a.j.e.J.Extract Token (robust): Extract Token: response not JSON and regex failed. responseCode=Non HTTP response code: java.net.SocketTimeoutException
2025-12-05 22:59:17,464 WARN o.a.j.e.J.Extract Token (robust): Extract Token: response not JSON and regex failed. responseCode=Non HTTP response code: java.net.SocketTimeoutException
2025-12-05 22:59:17,782 WARN o.a.j.e.J.Extract Token (robust): Extract Token: response not JSON and regex failed. responseCode=Non HTTP response code: java.net.SocketTimeoutException
2025-12-05 22:59:18,163 WARN o.a.j.e.J.Extract Token (robust): Extract Token: response not JSON and regex failed. responseCode=Non HTTP response code: java.net.SocketTimeoutException
2025-12-05 22:59:18,177 WARN o.a.j.e.J.Extract Token (robust): Extract Token: response not JSON and regex failed. responseCode=Non HTTP response code: java.net.SocketTimeoutException
2025-12-05 22:59:18,453 WARN o.a.j.e.J.Extract Token (robust): Extract Token: response not JSON and regex failed. responseCode=Non HTTP response code: java.net.SocketTimeoutException
2025-12-05 22:59:18,486 WARN o.a.j.e.J.Extract Token (robust): Extract Token: response not JSON and regex failed. responseCode=Non HTTP response code: java.net.SocketTimeoutException
2025-12-05 22:59:18,504 WARN o.a.j.e.J.Extract Token (robust): Extract Token: response not JSON and regex failed. responseCode=Non HTTP response code: java.net.SocketTimeoutException
2025-12-05 22:59:18,886 WARN o.a.j.e.J.Extract Token (robust): Extract Token: response not JSON and regex failed. responseCode=Non HTTP response code: java.net.SocketTimeoutException
2025-12-05 22:59:18,890 WARN o.a.j.e.J.Extract Token (robust): Extract Token: response not JSON and regex failed. responseCode=Non HTTP response code: java.net.SocketTimeoutException
2025-12-05 22:59:18,950 WARN o.a.j.e.J.Extract Token (robust): Extract Token: response not JSON and regex failed. responseCode=Non HTTP response code: java.net.SocketTimeoutException
2025-12-05 22:59:19,007 WARN o.a.j.e.J.Extract Token (robust): Extract Token: response not JSON and regex failed. responseCode=Non HTTP response code: java.net.SocketTimeoutException
2025-12-05 22:59:19,082 WARN o.a.j.e.J.Extract Token (robust): Extract Token: response not JSON and regex failed. responseCode=Non HTTP response code: java.net.SocketTimeoutException
2025-12-05 22:59:19,467 WARN o.a.j.e.J.Extract Token (robust): Extract Token: response not JSON and regex failed. responseCode=Non HTTP response code: java.net.SocketTimeoutException
2025-12-05 22:59:19,493 WARN o.a.j.e.J.Extract Token (robust): Extract Token: response not JSON and regex failed. responseCode=Non HTTP response code: java.net.SocketTimeoutException
2025-12-05 22:59:20,010 WARN o.a.j.e.J.Extract Token (robust): Extract Token: response not JSON and regex failed. responseCode=Non HTTP response code: java.net.SocketTimeoutException
2025-12-05 22:59:20,024 WARN o.a.j.e.J.Extract Token (robust): Extract Token: response not JSON and regex failed. responseCode=Non HTTP response code: java.net.SocketTimeoutException
2025-12-05 22:59:20,181 WARN o.a.j.e.J.Extract Token (robust): Extract Token: response not JSON and regex failed. responseCode=Non HTTP response code: java.net.SocketTimeoutException
2025-12-05 22:59:22,745 WARN o.a.j.e.J.Extract Token (robust): Extract Token: response not JSON and regex failed. responseCode=Non HTTP response code: java.net.SocketTimeoutException
2025-12-05 22:59:24,429 WARN o.a.j.e.J.Extract Token (robust): Extract Token: response not JSON and regex failed. responseCode=Non HTTP response code: java.net.SocketTimeoutException
2025-12-05 22:59:24,514 WARN o.a.j.e.J.Extract Token (robust): Extract Token: response not JSON and regex failed. responseCode=Non HTTP response code: java.net.SocketTimeoutException
2025-12-05 22:59:25,654 WARN o.a.j.e.J.Extract Token (robust): Extract Token: response not JSON and regex failed. responseCode=Non HTTP response code: java.net.SocketTimeoutException
2025-12-05 22:59:25,740 WARN o.a.j.e.J.Extract Token (robust): Extract Token: response not JSON and regex failed. responseCode=Non HTTP response code: java.net.SocketTimeoutException
2025-12-05 22:59:30,277 WARN o.a.j.e.J.Extract Token (robust): Extract Token: response not JSON and regex failed. responseCode=Non HTTP response code: java.net.SocketTimeoutException
2025-12-05 22:59:30,637 WARN o.a.j.e.J.Extract Token (robust): Extract Token: response not JSON and regex failed. responseCode=Non HTTP response code: java.net.SocketTimeoutException
2025-12-05 22:59:30,561 WARN o.a.j.e.J.Extract Token (robust): Extract Token: response not JSON and regex failed. responseCode=Non HTTP response code: java.net.SocketTimeoutException
2025-12-05 22:59:30,759 WARN o.a.j.e.J.Extract Token (robust): Extract Token: response not JSON and regex failed. responseCode=Non HTTP response code: java.net.SocketTimeoutException
2025-12-05 22:59:32,583 WARN o.a.j.e.J.Extract Token (robust): Extract Token: response not JSON and regex failed. responseCode=Non HTTP response code: java.net.SocketTimeoutException
2025-12-05 22:59:32,765 WARN o.a.j.e.J.Extract Token (robust): Extract Token: response not JSON and regex failed. responseCode=Non HTTP response code: java.net.SocketTimeoutException
2025-12-05 22:59:33,016 WARN o.a.j.e.J.Extract Token (robust): Extract Token: response not JSON and regex failed. responseCode=Non HTTP response code: java.net.SocketTimeoutException
2025-12-05 22:59:33,511 WARN o.a.j.e.J.Extract Token (robust): Extract Token: response not JSON and regex failed. responseCode=Non HTTP response code: java.net.SocketTimeoutException
2025-12-05 22:59:33,529 WARN o.a.j.e.J.Extract Token (robust): Extract Token: response not JSON and regex failed. responseCode=Non HTTP response code: java.net.SocketTimeoutException
2025-12-05 22:59:33,888 WARN o.a.j.e.J.Extract Token (robust): Extract Token: response not JSON and regex failed. responseCode=Non HTTP response code: java.net.SocketTimeoutException
2025-12-05 22:59:34,560 WARN o.a.j.e.J.Extract Token (robust): Extract Token: response not JSON and regex failed. responseCode=Non HTTP response code: java.net.SocketTimeoutException
2025-12-05 22:59:34,610 WARN o.a.j.e.J.Extract Token (robust): Extract Token: response not JSON and regex failed. responseCode=Non HTTP response code: java.net.SocketTimeoutException
2025-12-05 22:59:34,668 WARN o.a.j.e.J.Extract Token (robust): Extract Token: response not JSON and regex failed. responseCode=Non HTTP response code: java.net.SocketTimeoutException
2025-12-05 22:59:34,858 WARN o.a.j.e.J.Extract Token (robust): Extract Token: response not JSON and regex failed. responseCode=Non HTTP response code: java.net.SocketTimeoutException
2025-12-05 22:59:35,331 WARN o.a.j.e.J.Extract Token (robust): Extract Token: response not JSON and regex failed. responseCode=Non HTTP response code: java.net.SocketTimeoutException
2025-12-05 22:59:35,345 WARN o.a.j.e.J.Extract Token (robust): Extract Token: response not JSON and regex failed. responseCode=Non HTTP response code: java.net.SocketTimeoutException
2025-12-05 22:59:35,373 WARN o.a.j.e.J.Extract Token (robust): Extract Token: response not JSON and regex failed. responseCode=Non HTTP response code: java.net.SocketTimeoutException
2025-12-05 22:59:35,395 WARN o.a.j.e.J.Extract Token (robust): Extract Token: response not JSON and regex failed. responseCode=Non HTTP response code: java.net.SocketTimeoutException
2025-12-05 22:59:35,837 WARN o.a.j.e.J.Extract Token (robust): Extract Token: response not JSON and regex failed. responseCode=Non HTTP response code: java.net.SocketTimeoutException
2025-12-05 22:59:35,861 WARN o.a.j.e.J.Extract Token (robust): Extract Token: response not JSON and regex failed. responseCode=Non HTTP response code: java.net.SocketTimeoutException
2025-12-05 22:59:35,941 WARN o.a.j.e.J.Extract Token (robust): Extract Token: response not JSON and regex failed. responseCode=Non HTTP response code: java.net.SocketTimeoutException
2025-12-05 22:59:36,611 WARN o.a.j.e.J.Extract Token (robust): Extract Token: response not JSON and regex failed. responseCode=Non HTTP response code: java.net.SocketTimeoutException
2025-12-05 22:59:36,704 WARN o.a.j.e.J.Extract Token (robust): Extract Token: response not JSON and regex failed. responseCode=Non HTTP response code: java.net.SocketTimeoutException
2025-12-05 22:59:36,757 WARN o.a.j.e.J.Extract Token (robust): Extract Token: response not JSON and regex failed. responseCode=Non HTTP response code: java.net.SocketTimeoutException
2025-12-05 22:59:36,773 WARN o.a.j.e.J.Extract Token (robust): Extract Token: response not JSON and regex failed. responseCode=Non HTTP response code: java.net.SocketTimeoutException
2025-12-05 22:59:37,018 WARN o.a.j.e.J.Extract Token (robust): Extract Token: response not JSON and regex failed. responseCode=Non HTTP response code: java.net.SocketTimeoutException
2025-12-05 22:59:37,253 WARN o.a.j.e.J.Extract Token (robust): Extract Token: response not JSON and regex failed. responseCode=Non HTTP response code: java.net.SocketTimeoutException
2025-12-05 22:59:37,314 WARN o.a.j.e.J.Extract Token (robust): Extract Token: response not JSON and regex failed. responseCode=Non HTTP response code: java.net.SocketTimeoutException
2025-12-05 22:59:37,745 WARN o.a.j.e.J.Extract Token (robust): Extract Token: response not JSON and regex failed. responseCode=Non HTTP response code: java.net.SocketTimeoutException
2025-12-05 22:59:37,750 WARN o.a.j.e.J.Extract Token (robust): Extract Token: response not JSON and regex failed. responseCode=Non HTTP response code: java.net.SocketTimeoutException
2025-12-05 22:59:37,864 WARN o.a.j.e.J.Extract Token (robust): Extract Token: response not JSON and regex failed. responseCode=Non HTTP response code: java.net.SocketTimeoutException
2025-12-05 22:59:38,127 WARN o.a.j.e.J.Extract Token (robust): Extract Token: response not JSON and regex failed. responseCode=Non HTTP response code: java.net.SocketTimeoutException
2025-12-05 22:59:38,129 WARN o.a.j.e.J.Extract Token (robust): Extract Token: response not JSON and regex failed. responseCode=Non HTTP response code: java.net.SocketTimeoutException
2025-12-05 22:59:38,279 WARN o.a.j.e.J.Extract Token (robust): Extract Token: response not JSON and regex failed. responseCode=Non HTTP response code: java.net.SocketTimeoutException
2025-12-05 22:59:38,497 WARN o.a.j.e.J.Extract Token (robust): Extract Token: response not JSON and regex failed. responseCode=Non HTTP response code: java.net.SocketTimeoutException
2025-12-05 22:59:39,335 WARN o.a.j.e.J.Extract Token (robust): Extract Token: response not JSON and regex failed. responseCode=Non HTTP response code: java.net.SocketTimeoutException
2025-12-05 22:59:39,678 WARN o.a.j.e.J.Extract Token (robust): Extract Token: response not JSON and regex failed. responseCode=Non HTTP response code: java.net.SocketTimeoutException
2025-12-05 22:59:39,881 WARN o.a.j.e.J.Extract Token (robust): Extract Token: response not JSON and regex failed. responseCode=Non HTTP response code: java.net.SocketTimeoutException
2025-12-05 22:59:40,747 WARN o.a.j.e.J.Extract Token (robust): Extract Token: response not JSON and regex failed. responseCode=Non HTTP response code: java.net.SocketTimeoutException
2025-12-05 22:59:43,324 INFO o.a.j.t.JMeterThread: Thread finished: Users 1-41
2025-12-05 22:59:43,417 INFO o.a.j.t.JMeterThread: Thread finished: Users 1-3
2025-12-05 22:59:43,421 INFO o.a.j.t.JMeterThread: Thread finished: Users 1-4
2025-12-05 22:59:43,440 WARN o.a.j.e.J.Extract Token (robust): Extract Token: response not JSON and regex failed. responseCode=Non HTTP response code: java.net.SocketTimeoutException
2025-12-05 22:59:43,441 INFO o.a.j.t.JMeterThread: Thread finished: Users 1-43
2025-12-05 22:59:43,499 INFO o.a.j.t.JMeterThread: Thread finished: Users 1-37
2025-12-05 22:59:43,552 INFO o.a.j.t.JMeterThread: Thread finished: Users 1-8
2025-12-05 22:59:43,802 INFO o.a.j.t.JMeterThread: Thread finished: Users 1-14
2025-12-05 22:59:43,826 INFO o.a.j.t.JMeterThread: Thread finished: Users 1-32
2025-12-05 22:59:43,954 INFO o.a.j.t.JMeterThread: Thread finished: Users 1-49
2025-12-05 22:59:44,016 INFO o.a.j.t.JMeterThread: Thread finished: Users 1-48
2025-12-05 22:59:44,044 INFO o.a.j.t.JMeterThread: Thread finished: Users 1-23
2025-12-05 22:59:44,055 INFO o.a.j.t.JMeterThread: Thread finished: Users 1-30
2025-12-05 22:59:44,107 INFO o.a.j.t.JMeterThread: Thread finished: Users 1-22
2025-12-05 22:59:44,107 INFO o.a.j.t.JMeterThread: Thread finished: Users 1-33
2025-12-05 22:59:44,134 INFO o.a.j.t.JMeterThread: Thread finished: Users 1-19
2025-12-05 22:59:44,179 WARN o.a.j.e.J.Extract Token (robust): Extract Token: response not JSON and regex failed. responseCode=Non HTTP response code: java.net.SocketTimeoutException
2025-12-05 22:59:44,179 INFO o.a.j.t.JMeterThread: Thread finished: Users 1-45
2025-12-05 22:59:44,229 INFO o.a.j.t.JMeterThread: Thread finished: Users 1-18
2025-12-05 22:59:44,235 INFO o.a.j.t.JMeterThread: Thread finished: Users 1-46
2025-12-05 22:59:44,397 INFO o.a.j.t.JMeterThread: Stopping because end time detected by thread: Users 1-26
2025-12-05 22:59:44,397 INFO o.a.j.t.JMeterThread: Thread finished: Users 1-26
2025-12-05 22:59:44,495 INFO o.a.j.t.JMeterThread: Stopping because end time detected by thread: Users 1-42
2025-12-05 22:59:44,495 INFO o.a.j.t.JMeterThread: Thread finished: Users 1-42
2025-12-05 22:59:44,879 INFO o.a.j.t.JMeterThread: Stopping because end time detected by thread: Users 1-27
2025-12-05 22:59:44,879 INFO o.a.j.t.JMeterThread: Thread finished: Users 1-27
2025-12-05 22:59:45,145 INFO o.a.j.t.JMeterThread: Stopping because end time detected by thread: Users 1-10
2025-12-05 22:59:45,145 INFO o.a.j.t.JMeterThread: Thread finished: Users 1-10
2025-12-05 22:59:45,146 INFO o.a.j.t.JMeterThread: Stopping because end time detected by thread: Users 1-1
2025-12-05 22:59:45,146 INFO o.a.j.t.JMeterThread: Thread finished: Users 1-1
2025-12-05 22:59:45,151 INFO o.a.j.t.JMeterThread: Stopping because end time detected by thread: Users 1-9
2025-12-05 22:59:45,151 INFO o.a.j.t.JMeterThread: Thread finished: Users 1-9
2025-12-05 22:59:45,198 INFO o.a.j.t.JMeterThread: Stopping because end time detected by thread: Users 1-11
2025-12-05 22:59:45,198 INFO o.a.j.t.JMeterThread: Thread finished: Users 1-11
2025-12-05 22:59:45,522 INFO o.a.j.t.JMeterThread: Stopping because end time detected by thread: Users 1-50
2025-12-05 22:59:45,522 INFO o.a.j.t.JMeterThread: Thread finished: Users 1-50
2025-12-05 22:59:45,538 INFO o.a.j.t.JMeterThread: Stopping because end time detected by thread: Users 1-13
2025-12-05 22:59:45,538 INFO o.a.j.t.JMeterThread: Thread finished: Users 1-13
2025-12-05 22:59:45,548 INFO o.a.j.t.JMeterThread: Stopping because end time detected by thread: Users 1-12
2025-12-05 22:59:45,548 INFO o.a.j.t.JMeterThread: Thread finished: Users 1-12
2025-12-05 22:59:45,698 INFO o.a.j.t.JMeterThread: Stopping because end time detected by thread: Users 1-6
2025-12-05 22:59:45,698 INFO o.a.j.t.JMeterThread: Thread finished: Users 1-6
2025-12-05 22:59:45,780 INFO o.a.j.t.JMeterThread: Stopping because end time detected by thread: Users 1-29
2025-12-05 22:59:45,781 INFO o.a.j.t.JMeterThread: Thread finished: Users 1-29
2025-12-05 22:59:45,918 WARN o.a.j.e.J.Extract Token (robust): Extract Token: response not JSON and regex failed. responseCode=Non HTTP response code: java.net.SocketTimeoutException
2025-12-05 22:59:45,918 INFO o.a.j.t.JMeterThread: Stopping because end time detected by thread: Users 1-35
2025-12-05 22:59:45,918 INFO o.a.j.t.JMeterThread: Thread finished: Users 1-35
2025-12-05 22:59:46,286 WARN o.a.j.e.J.Extract Token (robust): Extract Token: response not JSON and regex failed. responseCode=Non HTTP response code: java.net.SocketTimeoutException
2025-12-05 22:59:46,286 INFO o.a.j.t.JMeterThread: Stopping because end time detected by thread: Users 1-36
2025-12-05 22:59:46,287 INFO o.a.j.t.JMeterThread: Thread finished: Users 1-36
2025-12-05 22:59:46,499 INFO o.a.j.t.JMeterThread: Stopping because end time detected by thread: Users 1-40
2025-12-05 22:59:46,499 INFO o.a.j.t.JMeterThread: Thread finished: Users 1-40
2025-12-05 22:59:46,542 INFO o.a.j.t.JMeterThread: Stopping because end time detected by thread: Users 1-7
2025-12-05 22:59:46,542 INFO o.a.j.t.JMeterThread: Thread finished: Users 1-7
2025-12-05 22:59:46,564 INFO o.a.j.t.JMeterThread: Stopping because end time detected by thread: Users 1-31
2025-12-05 22:59:46,564 INFO o.a.j.t.JMeterThread: Thread finished: Users 1-31
2025-12-05 22:59:46,605 INFO o.a.j.t.JMeterThread: Stopping because end time detected by thread: Users 1-34
2025-12-05 22:59:46,605 INFO o.a.j.t.JMeterThread: Thread finished: Users 1-34
2025-12-05 22:59:46,706 WARN o.a.j.e.J.Extract Token (robust): Extract Token: response not JSON and regex failed. responseCode=Non HTTP response code: java.net.SocketTimeoutException
2025-12-05 22:59:46,706 INFO o.a.j.t.JMeterThread: Stopping because end time detected by thread: Users 1-44
2025-12-05 22:59:46,706 INFO o.a.j.t.JMeterThread: Thread finished: Users 1-44
2025-12-05 22:59:46,725 INFO o.a.j.t.JMeterThread: Stopping because end time detected by thread: Users 1-38
2025-12-05 22:59:46,725 INFO o.a.j.t.JMeterThread: Thread finished: Users 1-38
2025-12-05 22:59:46,791 INFO o.a.j.t.JMeterThread: Stopping because end time detected by thread: Users 1-25
2025-12-05 22:59:46,791 INFO o.a.j.t.JMeterThread: Thread finished: Users 1-25
2025-12-05 22:59:47,174 INFO o.a.j.t.JMeterThread: Stopping because end time detected by thread: Users 1-39
2025-12-05 22:59:47,174 INFO o.a.j.t.JMeterThread: Thread finished: Users 1-39
2025-12-05 22:59:47,556 INFO o.a.j.t.JMeterThread: Stopping because end time detected by thread: Users 1-21
2025-12-05 22:59:47,556 INFO o.a.j.t.JMeterThread: Thread finished: Users 1-21
2025-12-05 22:59:47,847 INFO o.a.j.t.JMeterThread: Stopping because end time detected by thread: Users 1-2
2025-12-05 22:59:47,847 INFO o.a.j.t.JMeterThread: Thread finished: Users 1-2
2025-12-05 22:59:47,852 INFO o.a.j.t.JMeterThread: Stopping because end time detected by thread: Users 1-17
2025-12-05 22:59:47,852 INFO o.a.j.t.JMeterThread: Thread finished: Users 1-17
2025-12-05 22:59:47,863 INFO o.a.j.t.JMeterThread: Stopping because end time detected by thread: Users 1-5
2025-12-05 22:59:47,864 INFO o.a.j.t.JMeterThread: Thread finished: Users 1-5
2025-12-05 22:59:48,186 INFO o.a.j.t.JMeterThread: Stopping because end time detected by thread: Users 1-16
2025-12-05 22:59:48,186 INFO o.a.j.t.JMeterThread: Thread finished: Users 1-16
2025-12-05 22:59:48,507 INFO o.a.j.t.JMeterThread: Stopping because end time detected by thread: Users 1-47
2025-12-05 22:59:48,507 INFO o.a.j.t.JMeterThread: Thread finished: Users 1-47
2025-12-05 22:59:48,772 INFO o.a.j.t.JMeterThread: Stopping because end time detected by thread: Users 1-28
2025-12-05 22:59:48,772 INFO o.a.j.t.JMeterThread: Thread finished: Users 1-28
2025-12-05 22:59:49,332 INFO o.a.j.t.JMeterThread: Stopping because end time detected by thread: Users 1-15
2025-12-05 22:59:49,332 INFO o.a.j.t.JMeterThread: Thread finished: Users 1-15
2025-12-05 22:59:49,457 INFO o.a.j.t.JMeterThread: Stopping because end time detected by thread: Users 1-24
2025-12-05 22:59:49,457 INFO o.a.j.t.JMeterThread: Thread finished: Users 1-24
2025-12-05 22:59:49,667 INFO o.a.j.t.JMeterThread: Stopping because end time detected by thread: Users 1-20
2025-12-05 22:59:49,667 INFO o.a.j.t.JMeterThread: Thread finished: Users 1-20
2025-12-05 22:59:49,667 INFO o.a.j.e.StandardJMeterEngine: Notifying test listeners of end of test
2025-12-05 22:59:49,667 INFO o.a.j.g.u.JMeterMenuBar: setRunning(false, *local*)
