2025-12-03 15:26:42,125 INFO o.a.j.u.JMeterUtils: Setting Locale to en_EN
2025-12-03 15:26:42,163 INFO o.a.j.JMeter: Loading user properties from: /opt/jmeter/bin/user.properties
2025-12-03 15:26:42,164 INFO o.a.j.JMeter: Loading system properties from: /opt/jmeter/bin/system.properties
2025-12-03 15:26:42,172 INFO o.a.j.JMeter: Copyright (c) 1998-2024 The Apache Software Foundation
2025-12-03 15:26:42,172 INFO o.a.j.JMeter: Version 5.6.3
2025-12-03 15:26:42,172 INFO o.a.j.JMeter: java.version=17.0.17
2025-12-03 15:26:42,172 INFO o.a.j.JMeter: java.vm.name=OpenJDK 64-Bit Server VM
2025-12-03 15:26:42,172 INFO o.a.j.JMeter: os.name=Linux
2025-12-03 15:26:42,172 INFO o.a.j.JMeter: os.arch=amd64
2025-12-03 15:26:42,173 INFO o.a.j.JMeter: os.version=6.6.87.2-microsoft-standard-WSL2
2025-12-03 15:26:42,173 INFO o.a.j.JMeter: file.encoding=UTF-8
2025-12-03 15:26:42,173 INFO o.a.j.JMeter: java.awt.headless=null
2025-12-03 15:26:42,173 INFO o.a.j.JMeter: Max memory     =1073741824
2025-12-03 15:26:42,173 INFO o.a.j.JMeter: Available Processors =8
2025-12-03 15:26:42,189 INFO o.a.j.JMeter: Default Locale=English (EN)
2025-12-03 15:26:42,190 INFO o.a.j.JMeter: JMeter  Locale=English (EN)
2025-12-03 15:26:42,190 INFO o.a.j.JMeter: JMeterHome=/opt/jmeter
2025-12-03 15:26:42,190 INFO o.a.j.JMeter: user.dir  =/home/iqbal/jmeter
2025-12-03 15:26:42,190 INFO o.a.j.JMeter: PWD       =/home/iqbal/jmeter
2025-12-03 15:26:42,191 INFO o.a.j.JMeter: IP: 127.0.1.1 Name: DESKTOP-CABJ0GP FullName: DESKTOP-CABJ0GP.localdomain
2025-12-03 15:26:42,209 INFO o.a.j.JMeter: Loaded icon properties from org/apache/jmeter/images/icon.properties
2025-12-03 15:26:42,603 INFO o.a.j.JMeterGuiLauncher: Setting LAF to: com.github.weisj.darklaf.DarkLaf:com.github.weisj.darklaf.theme.DarculaTheme
